nohup: ignoring input

Welcome to React Native v0.77
Starting dev server on http://localhost:8081


                        ▒▒▓▓▓▓▒▒
                     ▒▓▓▓▒▒░░▒▒▓▓▓▒
                  ▒▓▓▓▓░░░▒▒▒▒░░░▓▓▓▓▒
                 ▓▓▒▒▒▓▓▓▓▓▓▓▓▓▓▓▓▒▒▒▓▓
                 ▓▓░░░░░▒▓▓▓▓▓▓▒░░░░░▓▓
                 ▓▓░░▓▓▒░░░▒▒░░░▒▓▒░░▓▓
                 ▓▓░░▓▓▓▓▓▒▒▒▒▓▓▓▓▒░░▓▓
                 ▓▓░░▓▓▓▓▓▓▓▓▓▓▓▓▓▒░░▓▓
                 ▓▓▒░░▒▒▓▓▓▓▓▓▓▓▒░░░▒▓▓
                  ▒▓▓▓▒░░░▒▓▓▒░░░▒▓▓▓▒
                     ▒▓▓▓▒░░░░▒▓▓▓▒
                        ▒▒▓▓▓▓▒▒


                Welcome to Metro v0.81.5
              Fast - Scalable - Integrated


 INFO  Dev server ready. Press Ctrl+C to exit.
 INFO  Interactive mode is not supported in this environment
 BUNDLE  ./index.js 

 INFO  
[7m [1m💡 JavaScript logs have moved![22m They can now be viewed in React Native DevTools. Tip: Type [1mj[22m in the terminal to open (requires Google Chrome or Microsoft Edge).[27m
 BUNDLE  ./index.js 

 INFO  
[7m [1m💡 JavaScript logs have moved![22m They can now be viewed in React Native DevTools. Tip: Type [1mj[22m in the terminal to open (requires Google Chrome or Microsoft Edge).[27m
info Opening /home/lukas/Code/PhotoRoulette/node_modules/@react-navigation/native-stack/lib/module/views/NativeStackView.native.js with vi
Vim: Warning: Output is not to a terminal
Vim: Warning: Input is not from a terminal
[?1049h[22;0;0t[>4;2m[?1h=[?2004h[1;24r[?12h[?12l[22;2t[22;1t[27m[23m[29m[m[H[2J[?2004l[>4;m[?2004h[>4;2m[?25l[24;1H"~/Code/PhotoRoulette/node_modules/@react-navigation/native-stack/lib/module/vi
[23;80He[24;1Hws/NativeStackView.native.js"[?2004l[>4;m[?2004h[>4;2m[?2004l[>4;m[?2004h[>4;2m [Incomplete last line] 482 lines, 19566 bytes[?2004l[>4;m[?2004h[>4;2m[?2004l[>4;m[?2004h[>4;2m
[32mPress ENTER or type command to continue[?2004l[>4;m[?2004h[>4;2m[?25h[?2004l[>4;m[?2004h[>4;2m[?2004l[>4;m[?2004h[>4;2m[?2004l[>4;m[?2004h[>4;2m[?2004l[>4;m[?2004h[>4;2m[?2004l[>4;m[?2004h[>4;2m[?2004l[>4;m[?2004h[>4;2m[?2004l[>4;m[?2004h[>4;2m[?2004l[>4;m[?2004h[>4;2m[?2004l[>4;m[?2004h[>4;2m[?2004l[>4;m[?2004h[>4;2m[?2004l[>4;m[?2004h[>4;2m[?2004l[>4;m[?2004h[>4;2m[?2004l[>4;m[?2004h[>4;2m[?2004l[>4;m[?2004h[>4;2m[?2004l[>4;m[?2004h[>4;2m[?2004l[>4;m[?2004h[>4;2m[?2004l[>4;m[?2004h[>4;2m[?2004l[>4;m[?2004h[>4;2m[?2004l[>4;m[?2004h[>4;2m[?2004l[>4;m[?2004h[>4;2m[?2004l[>4;m[?2004h[>4;2m[?2004l[>4;m[?2004h[>4;2m[?2004l[>4;m[?2004h[>4;2m[?2004l[>4;m[?2004h[>4;2m[?2004l[>4;m[?2004h[>4;2m[?2004l[>4;m[?2004h[>4;2m[?2004l[>4;m[?2004h[>4;2m[?2004l[>4;m[?2004h[>4;2m[?2004l[>4;m[?2004h[>4;2m[?2004l[>4;m[?2004h[>4;2m[?2004l[>4;m[?2004h[>4;2m[?2004l[>4;m[?2004h[>4;2m[?2004l[>4;m[?2004h[>4;2m[?2004l[>4;m[?2004h[>4;2m[?2004l[>4;m[?2004h[>4;2m[?2004l[>4;m[?2004h[>4;2m[?2004l[>4;m[?2004h[>4;2m[?2004l[>4;m[?2004h[>4;2m[?2004l[>4;m[?2004h[>4;2m[?2004l[>4;m[?2004h[>4;2m[?2004l[>4;m[?2004h[>4;2m[?2004l[>4;m[?2004h[>4;2m[?2004l[>4;m[?2004h[>4;2m[?2004l[>4;m[?2004h[>4;2m[?2004l[>4;m[?2004h[>4;2m[?2004l[>4;m[?2004h[>4;2m[?2004l[>4;m[?2004h[>4;2m[?2004l[>4;m[?2004h[>4;2m[?2004l[>4;m[?2004h[>4;2m[?2004l[>4;m[?2004h[>4;2m[?2004l[>4;m[?2004h[>4;2m[?2004l[>4;m[?2004h[>4;2m[?2004l[>4;m[?2004h[>4;2m[?2004l[>4;m[?2004h[>4;2m[?2004l[>4;m[?2004h[>4;2m[?2004l[>4;m[?2004h[>4;2m[?2004l[>4;m[?2004h[>4;2m[?2004l[>4;m[?2004h[>4;2m[?2004l[>4;m[?2004h[>4;2m[?2004l[>4;m[?2004h[>4;2m[?2004l[>4;m[?2004h[>4;2m[?2004l[>4;m[?2004h[>4;2m[?2004l[>4;m[?2004h[>4;2m[?2004l[>4;m[?2004h[>4;2m[?2004l[>4;m[?2004h[>4;2m[?2004l[>4;m[?2004h[>4;2m[?2004l[>4;m[?2004h[>4;2m[?2004l[>4;m[?2004h[>4;2m[?2004l[>4;m[?2004h[>4;2m[?2004l[>4;m[?2004h[>4;2m[?2004l[>4;m[?2004h[>4;2m[?2004l[>4;m[?2004h[>4;2m[?2004l[>4;m[?2004h[>4;2m[?2004l[>4;m[?2004h[>4;2m[?2004l[>4;m[?2004h[>4;2m[?2004l[>4;m[?2004h[>4;2m[?2004l[>4;m[?2004h[>4;2m[?2004l[>4;m[?2004h[>4;2m[?2004l[>4;m[?2004h[>4;2m[?2004l[>4;m[?2004h[>4;2m[?2004l[>4;m[?2004h[>4;2m[?2004l[>4;m[?2004h[>4;2m[?2004l[>4;m[?2004h[>4;2m[?2004l[>4;m[?2004h[>4;2m[?2004l[>4;m[?2004h[>4;2m[?2004l[>4;m[?2004h[>4;2m[?2004l[>4;m[?2004h[>4;2m[?2004l[>4;m[?2004h[>4;2m[?2004l[>4;m[?2004h[>4;2m[?2004l[>4;m[?2004h[>4;2m[?2004l[>4;m[?2004h[>4;2m[?2004l[>4;m[?2004h[>4;2m[?2004l[>4;m[?2004h[>4;2m[?2004l[>4;m[?2004h[>4;2m[?2004l[>4;m[?2004h[>4;2m[?2004l[>4;m[?2004h[>4;2m[?2004l[>4;m[?2004h[>4;2m[?2004l[>4;m[?2004h[>4;2m[?2004l[>4;m[?2004h[>4;2m[?2004l[>4;m[?2004h[>4;2m[?2004l[>4;m[m[?2004l[?1l>[?1049l[23;0;0t[>4;mVim: Error reading input, exiting...
Vim: Finished.
[24;1H[23;2t[23;1t
error Your editor exited with an error!
info 
 Keep these instructions in mind: 
  When you see Red Box with stack trace, you can click any 
  stack frame to jump to the source file. The packager will launch your 
  editor of choice. It will first look at REACT_EDITOR environment 
  variable, then at EDITOR.
  To set it up, you can add something like 
  export REACT_EDITOR=atom to your ~/.bashrc or ~/.zshrc depending on 
  which shell you use.

 BUNDLE  ./index.js 

 INFO  
[7m [1m💡 JavaScript logs have moved![22m They can now be viewed in React Native DevTools. Tip: Type [1mj[22m in the terminal to open (requires Google Chrome or Microsoft Edge).[27m
 BUNDLE  ./index.js 

 INFO  
[7m [1m💡 JavaScript logs have moved![22m They can now be viewed in React Native DevTools. Tip: Type [1mj[22m in the terminal to open (requires Google Chrome or Microsoft Edge).[27m
Killed
